=== RUN   TestTLSReferenceAndWooBackpressure
    diag_tls_test.go:139: reference read_buffer=16384 bytes=2097292 duration=1.1966035s err=<nil> protocol_err=<nil> status=200 content_length=2097152 body_bytes=2097152 body_sha=6d3b50668b443194ddbe6d1e15375909aacc1c2a37be94a000fe4ee407f51223 want_sha=6d3b50668b443194ddbe6d1e15375909aacc1c2a37be94a000fe4ee407f51223
    diag_tls_test.go:149: woo read_buffer=16384 bytes=2097273 duration=1.185194208s err=<nil> protocol_err=<nil> status=200 content_length=2097152 body_bytes=2097152 body_sha=6d3b50668b443194ddbe6d1e15375909aacc1c2a37be94a000fe4ee407f51223 want_sha=6d3b50668b443194ddbe6d1e15375909aacc1c2a37be94a000fe4ee407f51223
--- PASS: TestTLSReferenceAndWooBackpressure (5.37s)
=== RUN   TestHTTP2ResponseWaitsForStreamAndConnectionCredit
--- PASS: TestHTTP2ResponseWaitsForStreamAndConnectionCredit (4.62s)
=== RUN   TestHTTP2OverlappingStreams
--- PASS: TestHTTP2OverlappingStreams (3.05s)
=== RUN   TestFixtureRejectsOccupiedPort
--- PASS: TestFixtureRejectsOccupiedPort (0.00s)
=== RUN   TestFixtureRejectsChildExitBeforeReadiness
--- PASS: TestFixtureRejectsChildExitBeforeReadiness (0.05s)
=== RUN   TestLegacyQualification
    legacy_qualification_test.go:177: legacy qualification is opt-in; run t/qualification/check.py
--- SKIP: TestLegacyQualification (0.00s)
=== RUN   TestReferenceParityHTTP
=== RUN   TestReferenceParityHTTP/http1
=== RUN   TestReferenceParityHTTP/h2c
--- PASS: TestReferenceParityHTTP (4.01s)
    --- PASS: TestReferenceParityHTTP/http1 (0.13s)
    --- PASS: TestReferenceParityHTTP/h2c (0.20s)
=== RUN   TestReferenceParityValidRoutes
=== RUN   TestReferenceParityValidRoutes/http1
=== RUN   TestReferenceParityValidRoutes/h2c
--- PASS: TestReferenceParityValidRoutes (3.39s)
    --- PASS: TestReferenceParityValidRoutes/http1 (0.03s)
    --- PASS: TestReferenceParityValidRoutes/h2c (0.01s)
=== RUN   TestReferenceParityWebSocket
--- PASS: TestReferenceParityWebSocket (2.77s)
=== RUN   TestTLSLiveChainALPNAndStaticBackpressure
=== RUN   TestTLSLiveChainALPNAndStaticBackpressure/first-start
=== RUN   TestTLSLiveChainALPNAndStaticBackpressure/restart
=== RUN   TestTLSLiveChainALPNAndStaticBackpressure/missing-intermediate-fails-with-root-only
--- PASS: TestTLSLiveChainALPNAndStaticBackpressure (10.74s)
    --- PASS: TestTLSLiveChainALPNAndStaticBackpressure/first-start (3.99s)
    --- PASS: TestTLSLiveChainALPNAndStaticBackpressure/restart (4.12s)
    --- PASS: TestTLSLiveChainALPNAndStaticBackpressure/missing-intermediate-fails-with-root-only (2.17s)
=== RUN   TestTLSLiveRejectsWrongKey
--- PASS: TestTLSLiveRejectsWrongKey (2.51s)
=== RUN   TestHTTP1PipelinedRequests
--- PASS: TestHTTP1PipelinedRequests (1.78s)
=== RUN   TestHTTP2SplitPrefaceAndBatchedPings
--- PASS: TestHTTP2SplitPrefaceAndBatchedPings (1.75s)
=== RUN   TestHTTP2RequestsOnOneConnection
--- PASS: TestHTTP2RequestsOnOneConnection (2.09s)
=== RUN   TestHTTP2RequestAndResponseBodies
--- PASS: TestHTTP2RequestAndResponseBodies (2.25s)
=== RUN   TestHTTP2LargeOrdinaryResponse
--- PASS: TestHTTP2LargeOrdinaryResponse (2.61s)
=== RUN   TestWebSocketUpgradeBehindPOSTBody
--- PASS: TestWebSocketUpgradeBehindPOSTBody (2.87s)
PASS
ok  	woo.local/hegel	50.351s
